timeout: sending signal TERM to command ‘./build/test-throw’
CUSTOM THROW
